[backblue.gif]
[fade.gif]
[index.html]
[www.blues2000.com/b2k4/ticketsonly/tickets.htm]
[www.blues2000.com/b2k4/graphics/bt-rateson.gif]
[www.blues2000.com/b2k4/b2k4styles.css]
[www.blues2000.com/b2k4/graphics/bt-homeon.gif]
[www.blues2000.com/b2k4/graphics/bt-perfon.gif]
[www.blues2000.com/b2k4/graphics/bt-buson.gif]
[www.blues2000.com/b2k4/graphics/bt-diron.gif]
[www.blues2000.com/b2k4/graphics/bt-campon.gif]
[www.blues2000.com/b2k4/graphics/bt-schedon.gif]
[www.blues2000.com/b2k4/graphics/top.jpg]
[www.blues2000.com/b2k4/graphics/golddiv672.gif]
[www.blues2000.com/b2k4/graphics/bt-home.gif]
[www.blues2000.com/b2k4/graphics/bt-sched.gif]
[www.blues2000.com/b2k4/graphics/bt-rates.gif]
[www.blues2000.com/b2k4/graphics/bt-perf.gif]
[www.blues2000.com/b2k4/graphics/bt-ticketson.gif]
[www.blues2000.com/b2k4/graphics/bt-bus.gif]
[www.blues2000.com/b2k4/graphics/bt-dir.gif]
[www.blues2000.com/b2k4/graphics/blueline410.gif]
[www.blues2000.com/b2k4/graphics/orangeball.gif]
[www.blues2000.com/b2k4/graphics/blueball.gif]
[www.blues2000.com/b2k4/graphics/greenball.gif]
[www.blues2000.com/b2k4/graphics/WHLINE650.gif]
[www.blues2000.com/b2k4/graphics/bt-camp.gif]
[www.blues2000.com/b2k4/ticketsonly/bluesbus.htm]
