[backblue.gif]
[fade.gif]
[index.html]
[www.busbarn.org/boxoffice/index.html]
[www.busbarn.org/graphics/background.gif]
[www.busbarn.org/busbarn.js]
[www.busbarn.org/busbarn.css]
[www.busbarn.org/graphics/leftnav/marqee/marq_box_tick-on.gif]
[www.busbarn.org/graphics/leftnav/marqee/marq_box_cal-on.gif]
[www.busbarn.org/graphics/leftnav/marqee/marq_box_dir-on.gif]
[www.busbarn.org/graphics/topnav/lightbar_new.gif]
[www.busbarn.org/graphics/topnav/theatre_title.gif]
[www.busbarn.org/graphics/pixel.gif]
[www.busbarn.org/graphics/topnav/lightbar_back.gif]
[www.busbarn.org/graphics/topnav/curtain_left.gif]
[www.busbarn.org/graphics/topnav/topnav_cs_ab.gif]
[www.busbarn.org/graphics/topnav/topnav_bo_ns_bo-on.gif]
[www.busbarn.org/graphics/topnav/spacer.gif]
[www.busbarn.org/graphics/topnav/topnav_js_sa.gif]
[www.busbarn.org/graphics/topnav/topnav_cs_ns_ab.gif]
[www.busbarn.org/graphics/topnav/topnav_cs_ab2.gif]
[www.busbarn.org/graphics/topnav/topnav_ab_js.gif]
[www.busbarn.org/graphics/topnav/topnav_js_sa2.gif]
[www.busbarn.org/graphics/topnav/topnav_sa.gif]
[www.busbarn.org/graphics/topnav/curtain_transition_v2.gif]
[www.busbarn.org/graphics/leftnav/marqee/marquee_left.gif]
[www.busbarn.org/graphics/leftnav/marqee/marquee_top.gif]
[www.busbarn.org/graphics/leftnav/marqee/marq_box_1.gif]
[www.busbarn.org/graphics/leftnav/marqee/marquee_right.gif]
[www.busbarn.org/graphics/leftnav/marqee/marq_box_2.gif]
[www.busbarn.org/graphics/leftnav/marqee/marq_box_tick.gif]
[www.busbarn.org/graphics/leftnav/marqee/marq_box_cal.gif]
[www.busbarn.org/graphics/leftnav/marqee/marq_box_dir.gif]
[www.busbarn.org/graphics/leftnav/marqee/marq_box_6.gif]
[www.busbarn.org/graphics/leftnav/marqee/marq_box_7.gif]
[www.busbarn.org/graphics/leftnav/marqee/marquee_bot.gif]
[www.busbarn.org/graphics/manx_paw.gif]
[www.busbarn.org/boxoffice/calendar.html]
