[backblue.gif]
[fade.gif]
[index.html]
[www.carnationcityplayers.org/images/shared/ccplogo.gif]
[www.carnationcityplayers.org/images/shared/ccp_presents.gif]
[www.carnationcityplayers.org/images/shared/navbar.gif]
[www.carnationcityplayers.org/images/shared/currentfeat.gif]
[www.carnationcityplayers.org/ccp web art/miracle.gif]
[www.carnationcityplayers.org/miracle.gif]
[www.carnationcityplayers.org/images/reservehead.gif]
[www.carnationcityplayers.org/images/shared/spacer.gif]
[www.carnationcityplayers.org/images/firehouse2.jpg]
[www.carnationcityplayers.org/images/shared/octa.gif]
[www.carnationcityplayers.org/images/shared/purplepixel.gif]
[www.carnationcityplayers.org/pages/reservations.htm]
[www.carnationcityplayers.org/images/currenthead.gif]
[www.carnationcityplayers.org/images/cir-miracle.gif]
[www.carnationcityplayers.org/cir-dalm.gif]
[www.carnationcityplayers.org/images/cir-dalm.gif]
[www.carnationcityplayers.org/images/cir-curtains.gif]
[www.carnationcityplayers.org/images/cir-sound.gif]
[www.carnationcityplayers.org/pages/currentseason.htm]
[www.carnationcityplayers.org/images/auditionhead.gif]
[www.carnationcityplayers.org/pages/auditions.htm]
[www.carnationcityplayers.org/images/locationhead.gif]
[www.carnationcityplayers.org/images/ccpmap.gif]
[www.carnationcityplayers.org/pages/location.htm]
[www.carnationcityplayers.org/images/contacthead.gif]
[www.carnationcityplayers.org/pages/contact.htm]
[www.carnationcityplayers.org/images/upcominghead.gif]
[www.carnationcityplayers.org/pages/upcomingseason.htm]
[www.carnationcityplayers.org/images/archiveshead.gif]
[www.carnationcityplayers.org/images/honk3.gif]
[www.carnationcityplayers.org/images/savage.gif]
[www.carnationcityplayers.org/images/life.gif]
[www.carnationcityplayers.org/pages/archives.htm]
[www.carnationcityplayers.org/images/09-10board.gif]
[www.carnationcityplayers.org/pages/board.htm]
[www.carnationcityplayers.org/images/joinhead.gif]
[www.carnationcityplayers.org/pages/joinccp.htm]
[www.carnationcityplayers.org/images/volunteerhead.gif]
[www.carnationcityplayers.org/pages/volunteer.htm]
[www.carnationcityplayers.org/images/shared/nextfeat.gif]
[www.carnationcityplayers.org/images/blithe.gif]
[www.carnationcityplayers.org/images/blithehead.gif]
[www.carnationcityplayers.org/pages/donotgogentle.htm]
[www.carnationcityplayers.org/images/miraclehead.gif]
[www.carnationcityplayers.org/pages/miracle.htm]
[www.carnationcityplayers.org/dalamatians.gif]
[www.carnationcityplayers.org/images/dalamatians.gif]
[www.carnationcityplayers.org/pages/dalmatians.htm]
[www.carnationcityplayers.org/images/nextfeat.gif]
[www.carnationcityplayers.org/images/curtains.gif]
[www.carnationcityplayers.org/images/curtainshead.gif]
[www.carnationcityplayers.org/pages/curtains.htm]
[www.carnationcityplayers.org/images/nobody.gif]
[www.carnationcityplayers.org/images/nobodyhead.gif]
[www.carnationcityplayers.org/pages/nobody.htm]
[www.carnationcityplayers.org/images/sound.gif]
[www.carnationcityplayers.org/images/soundhead.gif]
[www.carnationcityplayers.org/pages/sound.htm]
[www.carnationcityplayers.org/images/lucky.gif]
[www.carnationcityplayers.org/pages/archiveslist.htm]
[www.carnationcityplayers.org/images/luckyhead.gif]
[www.carnationcityplayers.org/pages/fools.htm]
[www.carnationcityplayers.org/images/aladdin.gif]
[www.carnationcityplayers.org/images/disneyhead.gif]
[www.carnationcityplayers.org/pages/fantasticks.htm]
[www.carnationcityplayers.org/images/bestchr.gif]
[www.carnationcityplayers.org/images/christmashead.gif]
[www.carnationcityplayers.org/pages/xmaspageant.htm]
[www.carnationcityplayers.org/images/cir-nobody.gif]
[www.carnationcityplayers.org/pages/fiddleronroof.htm]
