[backblue.gif]
[fade.gif]
[index.html]
[www.beyblade.com/BBA/houston/ticket.html]
[www.beyblade.com/BBA/houston/images/nav_02-over.gif]
[www.beyblade.com/BBA/houston/images/nav_04-over.gif]
[www.beyblade.com/BBA/houston/..html]
[www.beyblade.com/BBA/houston/images/nav_07-over.gif]
[www.beyblade.com/BBA/houston/images/nav_08-over.gif]
[www.beyblade.com/BBA/houston/images/nav_05-over.gif]
[www.beyblade.com/BBA/houston/images/nav_09-over.gif]
[www.beyblade.com/BBA/houston/images/nav_10-over.gif]
[www.beyblade.com/BBA/houston/images/bba_bg.jpg]
[collector.deepmetrix.com/dmd41d.gif]
[www.beyblade.com/BBA/houston/images/bba_title.gif]
[www.beyblade.com/BBA/houston/images/nav_01.gif]
[www.beyblade.com/BBA/houston/images/nav_02.gif]
[www.beyblade.com/BBA/houston/images/nav_01-over.gif]
[www.beyblade.com/BBA/houston/images/nav_03-over.gif]
[www.beyblade.com/BBA/houston/index.html]
[www.beyblade.com/BBA/houston/schedule.html]
[www.beyblade.com/BBA/houston/images/nav_03.gif]
[www.beyblade.com/BBA/houston/images/nav_04.gif]
[www.beyblade.com/BBA/houston/images/nav_05.gif]
[www.beyblade.com/BBA/houston/map.html]
[www.beyblade.com/BBA/houston/images/nav_06.gif]
[www.beyblade.com/BBA/houston/images/nav_07.gif]
[www.beyblade.com/BBA/houston/rules.html]
[www.beyblade.com/BBA/houston/code.html]
[www.beyblade.com/BBA/houston/images/nav_08.gif]
[www.beyblade.com/BBA/houston/images/nav_10.gif]
[www.beyblade.com/BBA/houston/images/nav_09.gif]
[www.beyblade.com/BBA/houston/waiver.html]
[www.beyblade.com/BBA/houston/parents.html]
[www.beyblade.com/BBA/houston/images/sponsors_03.gif]
[www.beyblade.com/BBA/houston/images/sponsors_01.gif]
[www.beyblade.com/BBA/houston/images/sponsors_02.gif]
[www.beyblade.com/BBA/houston/images/sponsors_04.gif]
[www.beyblade.com/BBA/houston/images/sponsors_05.gif]
[www.beyblade.com/BBA/houston/images/spacer.gif]
