[backblue.gif]
[fade.gif]
[index.html]
[chicagoprom.com/test/dm1.swf]
[chicagoprom.com/test/images/link_aboutprom_ovr.gif]
[chicagoprom.com/test/images/link_aboutprom.gif]
[chicagoprom.com/test/images/link_links_ovr.gif]
[chicagoprom.com/test/images/link_links.gif]
[chicagoprom.com/test/images/link_cast_ovr.gif]
[chicagoprom.com/test/images/link_cast.gif]
[chicagoprom.com/test/images/link_news_ovr.gif]
[chicagoprom.com/test/images/link_news.gif]
[chicagoprom.com/test/images/link_press_ovr.gif]
[chicagoprom.com/test/images/link_press.gif]
[chicagoprom.com/test/images/link_fun_ovr.gif]
[chicagoprom.com/test/images/link_fun.gif]
[chicagoprom.com/test/links.html]
[chicagoprom.com/test/Styles/Styles.css]
[chicagoprom.com/test/Includes/JavaScripts.js]
[chicagoprom.com/test/about.html]
[chicagoprom.com/test/cast.html]
[chicagoprom.com/test/news.html]
[chicagoprom.com/test/press.html]
[chicagoprom.com/test/fun.html]
[chicagoprom.com/test/store.html]
[chicagoprom.com/test/images/link_store_ovr.gif]
[chicagoprom.com/test/images/link_store.gif]
[chicagoprom.com/test/images/link_contact_ovr.gif]
[chicagoprom.com/test/contact.html]
[chicagoprom.com/test/images/link_contact.gif]
[chicagoprom.com/test/images/link_navbottom.gif]
[chicagoprom.com/test/images/link_navstretch.gif]
[chicagoprom.com/test/images/pac_bg.gif]
[chicagoprom.com/test/images/logobttm.gif]
[chicagoprom.com/test/Images/chicagoticket.gif]
[chicagoprom.com/test/images/ticketsimage.gif]
[chicagoprom.com/test/press_reviews.swf]
[chicagoprom.com/test/Images/d1.gif]
[chicagoprom.com/test/images/bstretch.gif]
[chicagoprom.com/test/images/c2.gif]
